// Jest Snapshot v1, https://goo.gl/fbAQLP

exports[`RouterLink v-slot provides information on v-slot 1`] = `"<a class=\\"router-link-active\\" href=\\"/home\\"> route: {\\"fullPath\\":\\"/home\\",\\"path\\":\\"/home\\",\\"params\\":{},\\"meta\\":{},\\"query\\":{},\\"hash\\":\\"\\",\\"matched\\":[]} href: \\"/home\\" isActive: \\"true\\" </a>"`;
